2026-10-01 18:59:29 - ERR - Kafka consume error: Subscribed topic not available: out_of_range: Broker: Unknown topic or partition
2026-10-01 18:59:35 - INF - Application started. Press Ctrl+C to shut down.
2026-10-01 18:59:35 - INF - Hosting environment: Production
2026-10-01 18:59:35 - INF - Content root path: /app
2026-10-01 18:59:35 - INF - sent anomalie to rabbit ["evt-01104", "TRK-003", "2026-10-01T10:18:29Z", 86.0]
2026-10-01 18:59:35 - INF - Processed message: ["evt-01104", "TRK-003", "2026-10-01T10:18:29Z", 86.0]
2026-10-01 18:59:35 - INF - sent anomalie to rabbit ["evt-01109", "TRK-003", "2026-10-01T10:18:56Z", 85.8]
2026-10-01 18:59:35 - INF - Processed message: ["evt-01109", "TRK-003", "2026-10-01T10:18:56Z", 85.8]
2026-10-01 18:59:35 - INF - sent anomalie to rabbit ["evt-01116", "TRK-015", "2026-10-01T10:20:10Z", 87.0]
2026-10-01 18:59:35 - INF - Processed message: ["evt-01116", "TRK-015", "2026-10-01T10:20:10Z", 87.0]
2026-10-01 18:59:35 - INF - sent anomalie to rabbit ["evt-01125", "TRK-015", "2026-10-01T10:21:21Z", 86.6]
2026-10-01 18:59:35 - INF - Processed message: ["evt-01125", "TRK-015", "2026-10-01T10:21:21Z", 86.6]
2026-10-01 18:59:35 - INF - sent anomalie to rabbit ["evt-01132", "TRK-015", "2026-10-01T10:22:21Z", 86.2]
2026-10-01 18:59:35 - INF - Processed message: ["evt-01132", "TRK-015", "2026-10-01T10:22:21Z", 86.2]
2026-10-01 18:59:35 - INF - sent anomalie to rabbit ["evt-01162", "TRK-015", "2026-10-01T10:26:06Z", 86.3]
2026-10-01 18:59:35 - INF - Processed message: ["evt-01162", "TRK-015", "2026-10-01T10:26:06Z", 86.3]
2026-10-01 18:59:35 - INF - sent anomalie to rabbit ["evt-01163", "TRK-015", "2026-10-01T10:26:09Z", 86.2]
2026-10-01 18:59:35 - INF - Processed message: ["evt-01163", "TRK-015", "2026-10-01T10:26:09Z", 86.2]
2026-10-01 18:59:35 - INF - sent anomalie to rabbit ["evt-01167", "TRK-007", "2026-10-01T10:26:35Z", 85.0]
2026-10-01 18:59:35 - INF - Processed message: ["evt-01167", "TRK-007", "2026-10-01T10:26:35Z", 85.0]
2026-10-01 18:59:35 - INF - sent anomalie to rabbit ["evt-01173", "TRK-015", "2026-10-01T10:27:29Z", 86.0]
2026-10-01 18:59:35 - INF - Processed message: ["evt-01173", "TRK-015", "2026-10-01T10:27:29Z", 86.0]
2026-10-01 18:59:36 - INF - sent anomalie to rabbit ["evt-01175", "TRK-003", "2026-10-01T10:27:48Z", 86.8]
2026-10-01 18:59:36 - INF - Processed message: ["evt-01175", "TRK-003", "2026-10-01T10:27:48Z", 86.8]
2026-10-01 18:59:36 - INF - sent anomalie to rabbit ["evt-01180", "TRK-003", "2026-10-01T10:28:29Z", 86.0]
2026-10-01 18:59:36 - INF - Processed message: ["evt-01180", "TRK-003", "2026-10-01T10:28:29Z", 86.0]
2026-10-01 18:59:36 - INF - sent anomalie to rabbit ["evt-01191", "TRK-015", "2026-10-01T10:30:01Z", 85.3]
2026-10-01 18:59:36 - INF - Processed message: ["evt-01191", "TRK-015", "2026-10-01T10:30:01Z", 85.3]
2026-10-01 18:59:36 - INF - sent anomalie to rabbit ["evt-01193", "TRK-015", "2026-10-01T10:30:11Z", 85.2]
2026-10-01 18:59:36 - INF - Processed message: ["evt-01193", "TRK-015", "2026-10-01T10:30:11Z", 85.2]
2026-10-01 18:59:36 - INF - sent anomalie to rabbit ["evt-01200", "TRK-003", "2026-10-01T10:30:54Z", 85.8]
2026-10-01 18:59:36 - INF - Processed message: ["evt-01200", "TRK-003", "2026-10-01T10:30:54Z", 85.8]
2026-10-01 18:59:36 - INF - sent anomalie to rabbit ["evt-01209", "TRK-007", "2026-10-01T10:31:57Z", 85.5]
2026-10-01 18:59:36 - INF - Processed message: ["evt-01209", "TRK-007", "2026-10-01T10:31:57Z", 85.5]
2026-10-01 18:59:36 - INF - sent anomalie to rabbit ["evt-01211", "TRK-015", "2026-10-01T10:32:14Z", 86.0]
2026-10-01 18:59:36 - INF - Processed message: ["evt-01211", "TRK-015", "2026-10-01T10:32:14Z", 86.0]
2026-10-01 18:59:36 - INF - sent anomalie to rabbit ["evt-01213", "TRK-003", "2026-10-01T10:32:24Z", 85.7]
2026-10-01 18:59:36 - INF - Processed message: ["evt-01213", "TRK-003", "2026-10-01T10:32:24Z", 85.7]
2026-10-01 18:59:36 - INF - sent anomalie to rabbit ["evt-01216", "TRK-003", "2026-10-01T10:32:50Z", 86.1]
2026-10-01 18:59:36 - INF - Processed message: ["evt-01216", "TRK-003", "2026-10-01T10:32:50Z", 86.1]
2026-10-01 18:59:36 - INF - sent anomalie to rabbit ["evt-01219", "TRK-007", "2026-10-01T10:33:05Z", 84.6]
2026-10-01 18:59:36 - INF - Processed message: ["evt-01219", "TRK-007", "2026-10-01T10:33:05Z", 84.6]
2026-10-01 18:59:36 - INF - sent anomalie to rabbit ["evt-01223", "TRK-003", "2026-10-01T10:33:31Z", 85.7]
2026-10-01 18:59:36 - INF - Processed message: ["evt-01223", "TRK-003", "2026-10-01T10:33:31Z", 85.7]
2026-10-01 18:59:36 - INF - sent anomalie to rabbit ["evt-01226", "TRK-003", "2026-10-01T10:34:00Z", 86.0]
2026-10-01 18:59:36 - INF - Processed message: ["evt-01226", "TRK-003", "2026-10-01T10:34:00Z", 86.0]
2026-10-01 18:59:36 - INF - sent anomalie to rabbit ["evt-01237", "TRK-007", "2026-10-01T10:35:33Z", 84.6]
2026-10-01 18:59:36 - INF - Processed message: ["evt-01237", "TRK-007", "2026-10-01T10:35:33Z", 84.6]
2026-10-01 18:59:36 - INF - sent anomalie to rabbit ["evt-01243", "TRK-003", "2026-10-01T10:36:07Z", 85.9]
2026-10-01 18:59:36 - INF - Processed message: ["evt-01243", "TRK-003", "2026-10-01T10:36:07Z", 85.9]
2026-10-01 18:59:36 - INF - sent anomalie to rabbit ["evt-01248", "TRK-003", "2026-10-01T10:36:59Z", 86.8]
2026-10-01 18:59:36 - INF - Processed message: ["evt-01248", "TRK-003", "2026-10-01T10:36:59Z", 86.8]
2026-10-01 18:59:36 - INF - sent anomalie to rabbit ["evt-01255", "TRK-003", "2026-10-01T10:37:46Z", 87.1]
2026-10-01 18:59:36 - INF - Processed message: ["evt-01255", "TRK-003", "2026-10-01T10:37:46Z", 87.1]
2026-10-01 18:59:36 - INF - sent anomalie to rabbit ["evt-01262", "TRK-007", "2026-10-01T10:38:23Z", 85.1]
2026-10-01 18:59:36 - INF - Processed message: ["evt-01262", "TRK-007", "2026-10-01T10:38:23Z", 85.1]
2026-10-01 18:59:36 - INF - sent anomalie to rabbit ["evt-01267", "TRK-007", "2026-10-01T10:39:09Z", 85.8]
2026-10-01 18:59:36 - INF - Processed message: ["evt-01267", "TRK-007", "2026-10-01T10:39:09Z", 85.8]
2026-10-01 18:59:36 - INF - sent anomalie to rabbit ["evt-01276", "TRK-003", "2026-10-01T10:40:28Z", 86.3]
2026-10-01 18:59:36 - INF - Processed message: ["evt-01276", "TRK-003", "2026-10-01T10:40:28Z", 86.3]
2026-10-01 18:59:36 - INF - sent anomalie to rabbit ["evt-01280", "TRK-003", "2026-10-01T10:41:00Z", 86.0]
2026-10-01 18:59:36 - INF - Processed message: ["evt-01280", "TRK-003", "2026-10-01T10:41:00Z", 86.0]
2026-10-01 18:59:36 - INF - sent anomalie to rabbit ["evt-01294", "TRK-003", "2026-10-01T10:42:21Z", 87.4]
2026-10-01 18:59:36 - INF - Processed message: ["evt-01294", "TRK-003", "2026-10-01T10:42:21Z", 87.4]
2026-10-01 18:59:36 - INF - sent anomalie to rabbit ["evt-01296", "TRK-007", "2026-10-01T10:42:31Z", 86.3]
2026-10-01 18:59:36 - INF - Processed message: ["evt-01296", "TRK-007", "2026-10-01T10:42:31Z", 86.3]
2026-10-01 18:59:36 - INF - sent anomalie to rabbit ["evt-01301", "TRK-015", "2026-10-01T10:43:12Z", 85.7]
2026-10-01 18:59:36 - INF - Processed message: ["evt-01301", "TRK-015", "2026-10-01T10:43:12Z", 85.7]
2026-10-01 18:59:36 - INF - sent anomalie to rabbit ["evt-01313", "TRK-015", "2026-10-01T10:45:05Z", 86.2]
2026-10-01 18:59:36 - INF - Processed message: ["evt-01313", "TRK-015", "2026-10-01T10:45:05Z", 86.2]
2026-10-01 18:59:36 - INF - sent anomalie to rabbit ["evt-01315", "TRK-003", "2026-10-01T10:45:19Z", 87.5]
2026-10-01 18:59:36 - INF - Processed message: ["evt-01315", "TRK-003", "2026-10-01T10:45:19Z", 87.5]
2026-10-01 18:59:36 - INF - sent anomalie to rabbit ["evt-01317", "TRK-003", "2026-10-01T10:45:31Z", 87.8]
2026-10-01 18:59:36 - INF - Processed message: ["evt-01317", "TRK-003", "2026-10-01T10:45:31Z", 87.8]
2026-10-01 18:59:36 - INF - sent anomalie to rabbit ["evt-01329", "TRK-015", "2026-10-01T10:47:02Z", 86.8]
2026-10-01 18:59:36 - INF - Processed message: ["evt-01329", "TRK-015", "2026-10-01T10:47:02Z", 86.8]
2026-10-01 18:59:36 - INF - sent anomalie to rabbit ["evt-01331", "TRK-003", "2026-10-01T10:47:13Z", 88.3]
2026-10-01 18:59:36 - INF - Processed message: ["evt-01331", "TRK-003", "2026-10-01T10:47:13Z", 88.3]
2026-10-01 18:59:36 - INF - sent anomalie to rabbit ["evt-01341", "TRK-003", "2026-10-01T10:48:22Z", 88.3]
2026-10-01 18:59:36 - INF - Processed message: ["evt-01341", "TRK-003", "2026-10-01T10:48:22Z", 88.3]
2026-10-01 18:59:36 - INF - sent anomalie to rabbit ["evt-01375", "TRK-015", "2026-10-01T10:52:53Z", 85.9]
2026-10-01 18:59:36 - INF - Processed message: ["evt-01375", "TRK-015", "2026-10-01T10:52:53Z", 85.9]
2026-10-01 18:59:36 - INF - sent anomalie to rabbit ["evt-01377", "TRK-015", "2026-10-01T10:53:08Z", 87.2]
2026-10-01 18:59:36 - INF - Processed message: ["evt-01377", "TRK-015", "2026-10-01T10:53:08Z", 87.2]
2026-10-01 18:59:36 - INF - sent anomalie to rabbit ["evt-01378", "TRK-003", "2026-10-01T10:53:12Z", 88.2]
2026-10-01 18:59:36 - INF - Processed message: ["evt-01378", "TRK-003", "2026-10-01T10:53:12Z", 88.2]
2026-10-01 18:59:36 - INF - sent anomalie to rabbit ["evt-01381", "TRK-007", "2026-10-01T10:53:37Z", 86.6]
2026-10-01 18:59:36 - INF - Processed message: ["evt-01381", "TRK-007", "2026-10-01T10:53:37Z", 86.6]
2026-10-01 18:59:36 - INF - sent anomalie to rabbit ["evt-01384", "TRK-003", "2026-10-01T10:53:55Z", 87.7]
2026-10-01 18:59:36 - INF - Processed message: ["evt-01384", "TRK-003", "2026-10-01T10:53:55Z", 87.7]
2026-10-01 18:59:36 - INF - sent anomalie to rabbit ["evt-01397", "TRK-007", "2026-10-01T10:55:26Z", 86.7]
2026-10-01 18:59:36 - INF - Processed message: ["evt-01397", "TRK-007", "2026-10-01T10:55:26Z", 86.7]
2026-10-01 18:59:36 - INF - sent anomalie to rabbit ["evt-01401", "TRK-015", "2026-10-01T10:55:57Z", 87.3]
2026-10-01 18:59:36 - INF - Processed message: ["evt-01401", "TRK-015", "2026-10-01T10:55:57Z", 87.3]
2026-10-01 18:59:36 - INF - sent anomalie to rabbit ["evt-01403", "TRK-015", "2026-10-01T10:56:22Z", 87.2]
2026-10-01 18:59:36 - INF - Processed message: ["evt-01403", "TRK-015", "2026-10-01T10:56:22Z", 87.2]
2026-10-01 18:59:36 - INF - sent anomalie to rabbit ["evt-01413", "TRK-007", "2026-10-01T10:57:39Z", 85.7]
2026-10-01 18:59:36 - INF - Processed message: ["evt-01413", "TRK-007", "2026-10-01T10:57:39Z", 85.7]
2026-10-01 18:59:36 - INF - sent anomalie to rabbit ["evt-01421", "TRK-007", "2026-10-01T10:58:40Z", 86.1]
2026-10-01 18:59:36 - INF - Processed message: ["evt-01421", "TRK-007", "2026-10-01T10:58:40Z", 86.1]
2026-10-01 18:59:36 - INF - sent anomalie to rabbit ["evt-01424", "TRK-015", "2026-10-01T10:58:59Z", 87.5]
2026-10-01 18:59:36 - INF - Processed message: ["evt-01424", "TRK-015", "2026-10-01T10:58:59Z", 87.5]
2026-10-01 18:59:36 - INF - sent anomalie to rabbit ["evt-01430", "TRK-015", "2026-10-01T10:59:26Z", 87.8]
2026-10-01 18:59:36 - INF - Processed message: ["evt-01430", "TRK-015", "2026-10-01T10:59:26Z", 87.8]
2026-10-01 18:59:36 - INF - sent anomalie to rabbit ["evt-01437", "TRK-003", "2026-10-01T11:00:16Z", 86.7]
2026-10-01 18:59:36 - INF - Processed message: ["evt-01437", "TRK-003", "2026-10-01T11:00:16Z", 86.7]
2026-10-01 18:59:36 - INF - sent anomalie to rabbit ["evt-01438", "TRK-015", "2026-10-01T11:00:28Z", 87.1]
2026-10-01 18:59:36 - INF - Processed message: ["evt-01438", "TRK-015", "2026-10-01T11:00:28Z", 87.1]
2026-10-01 18:59:36 - INF - sent anomalie to rabbit ["evt-01439", "TRK-003", "2026-10-01T11:00:34Z", 86.4]
2026-10-01 18:59:36 - INF - Processed message: ["evt-01439", "TRK-003", "2026-10-01T11:00:34Z", 86.4]
2026-10-01 18:59:36 - INF - sent anomalie to rabbit ["evt-01441", "TRK-015", "2026-10-01T11:00:58Z", 85.4]
2026-10-01 18:59:36 - INF - Processed message: ["evt-01441", "TRK-015", "2026-10-01T11:00:58Z", 85.4]
2026-10-01 18:59:36 - INF - sent anomalie to rabbit ["evt-01455", "TRK-007", "2026-10-01T11:02:52Z", 86.1]
2026-10-01 18:59:36 - INF - Processed message: ["evt-01455", "TRK-007", "2026-10-01T11:02:52Z", 86.1]
2026-10-01 18:59:36 - INF - sent anomalie to rabbit ["evt-01457", "TRK-015", "2026-10-01T11:03:20Z", 85.2]
2026-10-01 18:59:36 - INF - Processed message: ["evt-01457", "TRK-015", "2026-10-01T11:03:20Z", 85.2]
2026-10-01 18:59:36 - INF - sent anomalie to rabbit ["evt-01458", "TRK-003", "2026-10-01T11:03:26Z", 87.1]
2026-10-01 18:59:36 - INF - Processed message: ["evt-01458", "TRK-003", "2026-10-01T11:03:26Z", 87.1]
2026-10-01 18:59:36 - INF - sent anomalie to rabbit ["evt-01464", "TRK-003", "2026-10-01T11:04:02Z", 87.1]
2026-10-01 18:59:36 - INF - Processed message: ["evt-01464", "TRK-003", "2026-10-01T11:04:02Z", 87.1]
2026-10-01 18:59:36 - INF - sent anomalie to rabbit ["evt-01470", "TRK-015", "2026-10-01T11:04:47Z", 84.9]
2026-10-01 18:59:36 - INF - Processed message: ["evt-01470", "TRK-015", "2026-10-01T11:04:47Z", 84.9]
2026-10-01 18:59:36 - INF - sent anomalie to rabbit ["evt-01471", "TRK-003", "2026-10-01T11:04:59Z", 88.1]
2026-10-01 18:59:36 - INF - Processed message: ["evt-01471", "TRK-003", "2026-10-01T11:04:59Z", 88.1]
2026-10-01 18:59:36 - INF - sent anomalie to rabbit ["evt-01472", "TRK-007", "2026-10-01T11:05:12Z", 85.9]
2026-10-01 18:59:36 - INF - Processed message: ["evt-01472", "TRK-007", "2026-10-01T11:05:12Z", 85.9]
2026-10-01 18:59:36 - INF - sent anomalie to rabbit ["evt-01491", "TRK-007", "2026-10-01T11:08:10Z", 86.6]
2026-10-01 18:59:36 - INF - Processed message: ["evt-01491", "TRK-007", "2026-10-01T11:08:10Z", 86.6]
2026-10-01 18:59:36 - INF - sent anomalie to rabbit ["evt-01495", "TRK-007", "2026-10-01T11:08:37Z", 86.9]
2026-10-01 18:59:36 - INF - Processed message: ["evt-01495", "TRK-007", "2026-10-01T11:08:37Z", 86.9]
2026-10-01 18:59:36 - INF - sent anomalie to rabbit ["evt-01496", "TRK-003", "2026-10-01T11:08:40Z", 88.7]
2026-10-01 18:59:36 - INF - Processed message: ["evt-01496", "TRK-003", "2026-10-01T11:08:40Z", 88.7]
2026-10-01 19:00:04 - INF - Application is shutting down...
2026-10-01 19:00:04 - ERR - Kafka consume error: System.OperationCanceledException: The operation was canceled.
   at System.Threading.CancellationToken.ThrowOperationCanceledException()
   at System.Threading.CancellationToken.ThrowIfCancellationRequested()
   at Confluent.Kafka.Consumer`2.Consume(CancellationToken cancellationToken)
   at RabbitProducer.Consumer.KafkaConsumer.ExecuteAsync(CancellationToken stoppingToken) in C:\Users\Yonil\source\repos\SmartFleetLogistics\RabbitProducer\Consumer\KafkaConsumer.cs:line 43
